{
    "nodes": [
        {
            "id": 0,
            "dist": {
                "0": 2.4099623313335924e-05,
                "1": 0.0,
                "2": -99627220662.47144
            },
            "force": {
                "0": -2.0,
                "1": 1.0,
                "2": -4.0
            }
        },
        {
            "id": 1,
            "dist": {
                "0": -237570541663.41852,
                "1": -378629815400.39685,
                "2": 357276299270.1455
            },
            "force": {
                "0": 20.0,
                "1": -8.0,
                "2": 16.0
            }
        },
        {
            "id": 2,
            "dist": {
                "0": -458696003837.2116,
                "1": 49866330911.83252,
                "2": 109337289476.76376
            },
            "force": {
                "0": -6.0,
                "1": 2.0,
                "2": -4.0
            }
        },
        {
            "id": 3,
            "dist": {
                "0": 400074856563.68744,
                "1": -141247764432.0097,
                "2": -344603418156.09863
            },
            "force": {
                "0": -1.0,
                "1": 2.0,
                "2": -2.0
            }
        }
    ]
}