{
    "nodes": [
        {
            "id": 0,
            "dist": {
                "0": 0.0,
                "1": 0.0,
                "2": 1.9815426923655164e+16
            },
            "force": {
                "0": -3.5,
                "1": -1.0,
                "2": -2.0
            }
        },
        {
            "id": 1,
            "dist": {
                "0": 2117762777219197.5,
                "1": 2.0105224845575444e+16,
                "2": 4477123256140884.0
            },
            "force": {
                "0": 0.5,
                "1": -4.0,
                "2": 0.0
            }
        },
        {
            "id": 2,
            "dist": {
                "0": 1.564963273937086e+16,
                "1": -1.0743867257766578e+16,
                "2": 2.382189432449094e+16
            },
            "force": {
                "0": 0.0,
                "1": 0.0,
                "2": 0.0
            }
        },
        {
            "id": 3,
            "dist": {
                "0": 2.070584326226826e+16,
                "1": -8791018953312386.0,
                "2": 8133783841251681.0
            },
            "force": {
                "0": 2.0,
                "1": 4.0,
                "2": 2.0
            }
        }
    ]
}